==================================================
HEADER
File name: peer_-AA0001-BIlwQnJ7Xdqu.log
Creation Date/Time: 2026-08-08 12:53:13
Last Modified Date/Time: 2026-08-08 12:56:30
==================================================
BODY
Event Type      | Date/Time            | Description
--------------------------------------------------
LISTENER_START  | 2026-08-08 12:53:13  | Peer listening for direct connections on port 6881
FILE_CHECK      | 2026-08-08 12:53:14  | Determined status as LEECHER for Transferring_These_Files/sample3.png
FILE_CHECK      | 2026-08-08 12:53:15  | Determined status as LEECHER for Transferring_These_Files
SYSTEM_READY    | 2026-08-08 12:53:16  | All torrent threads processed. Entering heartbeat loop.
ANNOUNCE        | 2026-08-08 12:53:44  | [Transferring_These_Files/sample3.png] Sending periodic update to tracker...
ANNOUNCE        | 2026-08-08 12:53:45  | [Transferring_These_Files] Sending periodic update to tracker...
ANNOUNCE        | 2026-08-08 12:54:14  | [Transferring_These_Files/sample3.png] Sending periodic update to tracker...
ANNOUNCE        | 2026-08-08 12:54:15  | [Transferring_These_Files] Sending periodic update to tracker...
ANNOUNCE        | 2026-08-08 12:54:44  | [Transferring_These_Files/sample3.png] Sending periodic update to tracker...
ANNOUNCE        | 2026-08-08 12:54:45  | [Transferring_These_Files] Sending periodic update to tracker...
ANNOUNCE        | 2026-08-08 12:55:14  | [Transferring_These_Files/sample3.png] Sending periodic update to tracker...
ANNOUNCE        | 2026-08-08 12:55:15  | [Transferring_These_Files] Sending periodic update to tracker...
ANNOUNCE        | 2026-08-08 12:55:44  | [Transferring_These_Files/sample3.png] Sending periodic update to tracker...
ANNOUNCE        | 2026-08-08 12:55:45  | [Transferring_These_Files] Sending periodic update to tracker...
ANNOUNCE        | 2026-08-08 12:56:15  | [Transferring_These_Files/sample3.png] Sending periodic update to tracker...
ANNOUNCE        | 2026-08-08 12:56:15  | [Transferring_These_Files] Sending periodic update to tracker...
SHUTDOWN_INIT   | 2026-08-08 12:56:30  | Keyboard interrupt received. Deregistering from tracker.
