==================================================
HEADER
File name: peer_-AA0001-HY5yF0Pgf45v.log
Creation Date/Time: 2026-08-08 12:38:10
Last Modified Date/Time: 2026-08-08 12:51:31
==================================================
BODY
Event Type      | Date/Time            | Description
--------------------------------------------------
LISTENER_START  | 2026-08-08 12:38:10  | Peer listening for direct connections on port 6881
SYSTEM_READY    | 2026-08-08 12:38:13  | All torrent threads processed. Entering heartbeat loop.
ANNOUNCE        | 2026-08-08 12:38:41  | [Transferring_These_Files/sample3.png] Sending periodic update to tracker...
ANNOUNCE        | 2026-08-08 12:38:42  | [Transferring_These_Files] Sending periodic update to tracker...
ANNOUNCE        | 2026-08-08 12:39:11  | [Transferring_These_Files/sample3.png] Sending periodic update to tracker...
ANNOUNCE        | 2026-08-08 12:39:12  | [Transferring_These_Files] Sending periodic update to tracker...
ANNOUNCE        | 2026-08-08 12:39:42  | [Transferring_These_Files/sample3.png] Sending periodic update to tracker...
ANNOUNCE        | 2026-08-08 12:39:43  | [Transferring_These_Files] Sending periodic update to tracker...
ANNOUNCE        | 2026-08-08 12:40:12  | [Transferring_These_Files/sample3.png] Sending periodic update to tracker...
ANNOUNCE        | 2026-08-08 12:40:13  | [Transferring_These_Files] Sending periodic update to tracker...
ANNOUNCE        | 2026-08-08 12:40:42  | [Transferring_These_Files/sample3.png] Sending periodic update to tracker...
ANNOUNCE        | 2026-08-08 12:40:43  | [Transferring_These_Files] Sending periodic update to tracker...
ANNOUNCE        | 2026-08-08 12:41:12  | [Transferring_These_Files/sample3.png] Sending periodic update to tracker...
ANNOUNCE        | 2026-08-08 12:41:13  | [Transferring_These_Files] Sending periodic update to tracker...
ANNOUNCE        | 2026-08-08 12:41:42  | [Transferring_These_Files/sample3.png] Sending periodic update to tracker...
ANNOUNCE        | 2026-08-08 12:41:43  | [Transferring_These_Files] Sending periodic update to tracker...
ANNOUNCE        | 2026-08-08 12:42:12  | [Transferring_These_Files/sample3.png] Sending periodic update to tracker...
ANNOUNCE        | 2026-08-08 12:42:13  | [Transferring_These_Files] Sending periodic update to tracker...
ANNOUNCE        | 2026-08-08 12:42:42  | [Transferring_These_Files/sample3.png] Sending periodic update to tracker...
ANNOUNCE        | 2026-08-08 12:42:43  | [Transferring_These_Files] Sending periodic update to tracker...
ANNOUNCE        | 2026-08-08 12:43:12  | [Transferring_These_Files/sample3.png] Sending periodic update to tracker...
ANNOUNCE        | 2026-08-08 12:43:13  | [Transferring_These_Files] Sending periodic update to tracker...
ANNOUNCE        | 2026-08-08 12:43:42  | [Transferring_These_Files/sample3.png] Sending periodic update to tracker...
ANNOUNCE        | 2026-08-08 12:43:43  | [Transferring_These_Files] Sending periodic update to tracker...
ANNOUNCE        | 2026-08-08 12:44:12  | [Transferring_These_Files/sample3.png] Sending periodic update to tracker...
ANNOUNCE        | 2026-08-08 12:44:13  | [Transferring_These_Files] Sending periodic update to tracker...
ANNOUNCE        | 2026-08-08 12:44:42  | [Transferring_These_Files/sample3.png] Sending periodic update to tracker...
ANNOUNCE        | 2026-08-08 12:44:43  | [Transferring_These_Files] Sending periodic update to tracker...
ANNOUNCE        | 2026-08-08 12:45:12  | [Transferring_These_Files/sample3.png] Sending periodic update to tracker...
ANNOUNCE        | 2026-08-08 12:45:13  | [Transferring_These_Files] Sending periodic update to tracker...
ANNOUNCE        | 2026-08-08 12:45:43  | [Transferring_These_Files/sample3.png] Sending periodic update to tracker...
ANNOUNCE        | 2026-08-08 12:45:44  | [Transferring_These_Files] Sending periodic update to tracker...
ANNOUNCE        | 2026-08-08 12:46:13  | [Transferring_These_Files/sample3.png] Sending periodic update to tracker...
ANNOUNCE        | 2026-08-08 12:46:14  | [Transferring_These_Files] Sending periodic update to tracker...
ANNOUNCE        | 2026-08-08 12:46:43  | [Transferring_These_Files/sample3.png] Sending periodic update to tracker...
ANNOUNCE        | 2026-08-08 12:46:44  | [Transferring_These_Files] Sending periodic update to tracker...
ANNOUNCE        | 2026-08-08 12:47:13  | [Transferring_These_Files/sample3.png] Sending periodic update to tracker...
ANNOUNCE        | 2026-08-08 12:47:14  | [Transferring_These_Files] Sending periodic update to tracker...
ANNOUNCE        | 2026-08-08 12:47:43  | [Transferring_These_Files/sample3.png] Sending periodic update to tracker...
ANNOUNCE        | 2026-08-08 12:47:44  | [Transferring_These_Files] Sending periodic update to tracker...
ANNOUNCE        | 2026-08-08 12:48:13  | [Transferring_These_Files/sample3.png] Sending periodic update to tracker...
ANNOUNCE        | 2026-08-08 12:48:14  | [Transferring_These_Files] Sending periodic update to tracker...
ANNOUNCE        | 2026-08-08 12:48:43  | [Transferring_These_Files/sample3.png] Sending periodic update to tracker...
ANNOUNCE        | 2026-08-08 12:48:44  | [Transferring_These_Files] Sending periodic update to tracker...
ANNOUNCE        | 2026-08-08 12:49:13  | [Transferring_These_Files/sample3.png] Sending periodic update to tracker...
ANNOUNCE        | 2026-08-08 12:49:14  | [Transferring_These_Files] Sending periodic update to tracker...
ANNOUNCE        | 2026-08-08 12:49:43  | [Transferring_These_Files/sample3.png] Sending periodic update to tracker...
ANNOUNCE        | 2026-08-08 12:49:44  | [Transferring_These_Files] Sending periodic update to tracker...
ANNOUNCE        | 2026-08-08 12:50:13  | [Transferring_These_Files/sample3.png] Sending periodic update to tracker...
ANNOUNCE        | 2026-08-08 12:50:14  | [Transferring_These_Files] Sending periodic update to tracker...
ANNOUNCE        | 2026-08-08 12:50:43  | [Transferring_These_Files/sample3.png] Sending periodic update to tracker...
ANNOUNCE        | 2026-08-08 12:50:44  | [Transferring_These_Files] Sending periodic update to tracker...
ANNOUNCE        | 2026-08-08 12:51:13  | [Transferring_These_Files/sample3.png] Sending periodic update to tracker...
ANNOUNCE        | 2026-08-08 12:51:14  | [Transferring_These_Files] Sending periodic update to tracker...
SHUTDOWN_INIT   | 2026-08-08 12:51:31  | Keyboard interrupt received. Deregistering from tracker.
