==================================================
HEADER
File name: peer_-AA0001-0FLomCwvXSw3.log
Creation Date/Time: 2026-08-08 11:37:16
Last Modified Date/Time: 2026-08-08 11:48:50
==================================================
BODY
Event Type      | Date/Time            | Description
--------------------------------------------------
PORT_BUSY       | 2026-08-08 11:37:16  | Port 6881 in use. Trying next...
LISTENER_START  | 2026-08-08 11:37:16  | Peer listening for direct connections on port 6882
PING_SEND       | 2026-08-08 11:37:17  | [Transferring_These_Files/sample3.png] Attempting to ping peer at 127.0.0.1:6881
PING_SUCCESS    | 2026-08-08 11:37:17  | [Transferring_These_Files/sample3.png] Received PONG from 127.0.0.1:6881 | RTT: 10.09 ms
PING_SEND       | 2026-08-08 11:37:18  | [Transferring_These_Files] Attempting to ping peer at 127.0.0.1:6881
PING_SUCCESS    | 2026-08-08 11:37:18  | [Transferring_These_Files] Received PONG from 127.0.0.1:6881 | RTT: 13.48 ms
PING_RECV       | 2026-08-08 11:37:27  | Received PING from ('127.0.0.1', 7140)
PING_RECV       | 2026-08-08 11:37:28  | Received PING from ('127.0.0.1', 7142)
ANNOUNCE        | 2026-08-08 11:37:47  | [Transferring_These_Files/sample3.png] Sending periodic update to tracker...
ANNOUNCE        | 2026-08-08 11:37:48  | [Transferring_These_Files] Sending periodic update to tracker...
ANNOUNCE        | 2026-08-08 11:38:17  | [Transferring_These_Files/sample3.png] Sending periodic update to tracker...
ANNOUNCE        | 2026-08-08 11:38:18  | [Transferring_These_Files] Sending periodic update to tracker...
ANNOUNCE        | 2026-08-08 11:38:47  | [Transferring_These_Files/sample3.png] Sending periodic update to tracker...
ANNOUNCE        | 2026-08-08 11:38:48  | [Transferring_These_Files] Sending periodic update to tracker...
ANNOUNCE        | 2026-08-08 11:39:17  | [Transferring_These_Files/sample3.png] Sending periodic update to tracker...
ANNOUNCE        | 2026-08-08 11:39:18  | [Transferring_These_Files] Sending periodic update to tracker...
ANNOUNCE        | 2026-08-08 11:39:47  | [Transferring_These_Files/sample3.png] Sending periodic update to tracker...
ANNOUNCE        | 2026-08-08 11:39:48  | [Transferring_These_Files] Sending periodic update to tracker...
ANNOUNCE        | 2026-08-08 11:40:17  | [Transferring_These_Files/sample3.png] Sending periodic update to tracker...
ANNOUNCE        | 2026-08-08 11:40:18  | [Transferring_These_Files] Sending periodic update to tracker...
ANNOUNCE        | 2026-08-08 11:40:48  | [Transferring_These_Files/sample3.png] Sending periodic update to tracker...
ANNOUNCE        | 2026-08-08 11:40:48  | [Transferring_These_Files] Sending periodic update to tracker...
ANNOUNCE        | 2026-08-08 11:41:18  | [Transferring_These_Files/sample3.png] Sending periodic update to tracker...
ANNOUNCE        | 2026-08-08 11:41:19  | [Transferring_These_Files] Sending periodic update to tracker...
ANNOUNCE        | 2026-08-08 11:41:48  | [Transferring_These_Files/sample3.png] Sending periodic update to tracker...
ANNOUNCE        | 2026-08-08 11:41:49  | [Transferring_These_Files] Sending periodic update to tracker...
ANNOUNCE        | 2026-08-08 11:42:18  | [Transferring_These_Files/sample3.png] Sending periodic update to tracker...
ANNOUNCE        | 2026-08-08 11:42:19  | [Transferring_These_Files] Sending periodic update to tracker...
ANNOUNCE        | 2026-08-08 11:42:48  | [Transferring_These_Files/sample3.png] Sending periodic update to tracker...
ANNOUNCE        | 2026-08-08 11:42:49  | [Transferring_These_Files] Sending periodic update to tracker...
ANNOUNCE        | 2026-08-08 11:43:18  | [Transferring_These_Files/sample3.png] Sending periodic update to tracker...
ANNOUNCE        | 2026-08-08 11:43:19  | [Transferring_These_Files] Sending periodic update to tracker...
ANNOUNCE        | 2026-08-08 11:43:48  | [Transferring_These_Files/sample3.png] Sending periodic update to tracker...
ANNOUNCE        | 2026-08-08 11:43:49  | [Transferring_These_Files] Sending periodic update to tracker...
ANNOUNCE        | 2026-08-08 11:44:18  | [Transferring_These_Files/sample3.png] Sending periodic update to tracker...
ANNOUNCE        | 2026-08-08 11:44:19  | [Transferring_These_Files] Sending periodic update to tracker...
ANNOUNCE        | 2026-08-08 11:44:48  | [Transferring_These_Files/sample3.png] Sending periodic update to tracker...
ANNOUNCE        | 2026-08-08 11:44:49  | [Transferring_These_Files] Sending periodic update to tracker...
ANNOUNCE        | 2026-08-08 11:45:18  | [Transferring_These_Files/sample3.png] Sending periodic update to tracker...
ANNOUNCE        | 2026-08-08 11:45:19  | [Transferring_These_Files] Sending periodic update to tracker...
ANNOUNCE        | 2026-08-08 11:45:48  | [Transferring_These_Files/sample3.png] Sending periodic update to tracker...
ANNOUNCE        | 2026-08-08 11:45:49  | [Transferring_These_Files] Sending periodic update to tracker...
ANNOUNCE        | 2026-08-08 11:46:18  | [Transferring_These_Files/sample3.png] Sending periodic update to tracker...
ANNOUNCE        | 2026-08-08 11:46:19  | [Transferring_These_Files] Sending periodic update to tracker...
ANNOUNCE        | 2026-08-08 11:46:48  | [Transferring_These_Files/sample3.png] Sending periodic update to tracker...
ANNOUNCE        | 2026-08-08 11:46:49  | [Transferring_These_Files] Sending periodic update to tracker...
ANNOUNCE        | 2026-08-08 11:47:18  | [Transferring_These_Files/sample3.png] Sending periodic update to tracker...
ANNOUNCE        | 2026-08-08 11:47:19  | [Transferring_These_Files] Sending periodic update to tracker...
ANNOUNCE        | 2026-08-08 11:47:49  | [Transferring_These_Files/sample3.png] Sending periodic update to tracker...
ANNOUNCE        | 2026-08-08 11:47:50  | [Transferring_These_Files] Sending periodic update to tracker...
ANNOUNCE        | 2026-08-08 11:48:19  | [Transferring_These_Files/sample3.png] Sending periodic update to tracker...
ANNOUNCE        | 2026-08-08 11:48:20  | [Transferring_These_Files] Sending periodic update to tracker...
ANNOUNCE        | 2026-08-08 11:48:49  | [Transferring_These_Files/sample3.png] Sending periodic update to tracker...
ANNOUNCE        | 2026-08-08 11:48:50  | [Transferring_These_Files] Sending periodic update to tracker...
