==================================================
HEADER
File name: peer_-AA0001-pCS5TYrbxaz7.log
Creation Date/Time: 2026-08-02 19:56:27
Last Modified Date/Time: 2026-08-02 20:03:31
==================================================
BODY
Event Type      | Date/Time            | Description
--------------------------------------------------
LISTENER_START  | 2026-08-02 19:56:27  | Peer listening for direct connections on port 6881
ANNOUNCE        | 2026-08-02 19:56:59  | [Transferring_These_Files/sample3.png] Sending periodic update to tracker...
ANNOUNCE        | 2026-08-02 19:57:00  | [Transferring_These_Files] Sending periodic update to tracker...
ANNOUNCE        | 2026-08-02 19:57:29  | [Transferring_These_Files/sample3.png] Sending periodic update to tracker...
ANNOUNCE        | 2026-08-02 19:57:30  | [Transferring_These_Files] Sending periodic update to tracker...
ANNOUNCE        | 2026-08-02 19:57:59  | [Transferring_These_Files/sample3.png] Sending periodic update to tracker...
ANNOUNCE        | 2026-08-02 19:58:00  | [Transferring_These_Files] Sending periodic update to tracker...
ANNOUNCE        | 2026-08-02 19:58:29  | [Transferring_These_Files/sample3.png] Sending periodic update to tracker...
ANNOUNCE        | 2026-08-02 19:58:30  | [Transferring_These_Files] Sending periodic update to tracker...
ANNOUNCE        | 2026-08-02 19:58:59  | [Transferring_These_Files/sample3.png] Sending periodic update to tracker...
ANNOUNCE        | 2026-08-02 19:59:00  | [Transferring_These_Files] Sending periodic update to tracker...
ANNOUNCE        | 2026-08-02 19:59:29  | [Transferring_These_Files/sample3.png] Sending periodic update to tracker...
ANNOUNCE        | 2026-08-02 19:59:30  | [Transferring_These_Files] Sending periodic update to tracker...
ANNOUNCE        | 2026-08-02 19:59:59  | [Transferring_These_Files/sample3.png] Sending periodic update to tracker...
ANNOUNCE        | 2026-08-02 20:00:00  | [Transferring_These_Files] Sending periodic update to tracker...
ANNOUNCE        | 2026-08-02 20:00:29  | [Transferring_These_Files/sample3.png] Sending periodic update to tracker...
ANNOUNCE        | 2026-08-02 20:00:30  | [Transferring_These_Files] Sending periodic update to tracker...
ANNOUNCE        | 2026-08-02 20:00:59  | [Transferring_These_Files/sample3.png] Sending periodic update to tracker...
ANNOUNCE        | 2026-08-02 20:01:00  | [Transferring_These_Files] Sending periodic update to tracker...
ANNOUNCE        | 2026-08-02 20:01:29  | [Transferring_These_Files/sample3.png] Sending periodic update to tracker...
ANNOUNCE        | 2026-08-02 20:01:30  | [Transferring_These_Files] Sending periodic update to tracker...
ANNOUNCE        | 2026-08-02 20:01:59  | [Transferring_These_Files/sample3.png] Sending periodic update to tracker...
ANNOUNCE        | 2026-08-02 20:02:00  | [Transferring_These_Files] Sending periodic update to tracker...
ANNOUNCE        | 2026-08-02 20:02:29  | [Transferring_These_Files/sample3.png] Sending periodic update to tracker...
ANNOUNCE        | 2026-08-02 20:02:30  | [Transferring_These_Files] Sending periodic update to tracker...
ANNOUNCE        | 2026-08-02 20:02:59  | [Transferring_These_Files/sample3.png] Sending periodic update to tracker...
ANNOUNCE        | 2026-08-02 20:03:01  | [Transferring_These_Files] Sending periodic update to tracker...
ANNOUNCE        | 2026-08-02 20:03:30  | [Transferring_These_Files/sample3.png] Sending periodic update to tracker...
ANNOUNCE        | 2026-08-02 20:03:31  | [Transferring_These_Files] Sending periodic update to tracker...
